.next/types/validator.ts(179,39): error TS2307: Cannot find module '../../src/app/api/auth/[...nextauth]/route.js' or its corresponding type declarations.
src/components/ai-coach/AiChat.tsx(9,27): error TS2307: Cannot find module 'react-markdown' or its corresponding type declarations.
src/components/ai-coach/AiChat.tsx(10,23): error TS2307: Cannot find module 'remark-gfm' or its corresponding type declarations.
src/components/ai-coach/AiChat.tsx(300,32): error TS7006: Parameter 'props' implicitly has an 'any' type.
src/components/ai-coach/AiChat.tsx(301,32): error TS7006: Parameter 'props' implicitly has an 'any' type.
src/components/ai-coach/AiChat.tsx(302,32): error TS7006: Parameter 'props' implicitly has an 'any' type.
src/components/ai-coach/AiChat.tsx(303,36): error TS7006: Parameter 'props' implicitly has an 'any' type.
src/components/ai-coach/AiChat.tsx(304,32): error TS7006: Parameter 'props' implicitly has an 'any' type.
src/components/ai-coach/AiChat.tsx(305,32): error TS7006: Parameter 'props' implicitly has an 'any' type.
src/components/ai-coach/AiChat.tsx(306,32): error TS7006: Parameter 'props' implicitly has an 'any' type.
src/components/ai-coach/AiChat.tsx(307,31): error TS7006: Parameter 'props' implicitly has an 'any' type.
src/components/ai-coach/AiChat.tsx(308,40): error TS7006: Parameter 'props' implicitly has an 'any' type.
src/components/ai-coach/PdfSummarizer.tsx(5,27): error TS2307: Cannot find module 'react-markdown' or its corresponding type declarations.
src/components/ai-coach/PdfSummarizer.tsx(6,23): error TS2307: Cannot find module 'remark-gfm' or its corresponding type declarations.
src/components/GoogleSignInButton.tsx(5,53): error TS2307: Cannot find module 'firebase/auth' or its corresponding type declarations.
src/lib/firebase.ts(1,48): error TS2307: Cannot find module 'firebase/app' or its corresponding type declarations.
src/lib/firebase.ts(2,45): error TS2307: Cannot find module 'firebase/auth' or its corresponding type declarations.
